Pattern --> Regular Expression
------------------------------
^().+|$ --> \^\(\)\.\+\|\$
\, --> ,
{a,{ab,cd}efg,b} --> ((a)|(((ab)|(cd))efg)|(b))
{(),test} --> ((\(\))|(test))
}{a,b} --> }((a)|(b))
}{a,b}} --> }((a)|(b))}
}{a,\}}} --> }((a)|(\}))}
[[] --> [[]
[]] --> []]
[]]] --> []]]
[]]* --> []].*
[]*] --> []*]
[[]* --> [[].*
[[*] --> [[*]
dfg* --> dfg.*
abc?vf??skkre* --> abc.vf..skkre.*
[^^] --> [^^]
[!^] --> [^^]
[^!] --> [^!]
[!!] --> [^!]
[{a,b}*^[?()+|] --> [{a,b}*^[?()+|]
{a,bc*^?()+|]} --> ((a)|(bc.*\^.\(\)\+\|]))
s{t{aa,bb},c{dd,ee}f} --> s((t((aa)|(bb)))|(c((dd)|(ee))f))
{[{}]} --> (([{}]))
a\,b --> a,b

	 --> 
	
\?\** --> \?\*.*
\ --> \
__3%a%* --> __3%a%.*

SQLPattern --> Regular Expression
---------------------------------
^().+|$ --> \^\(\)\.\+\|\$
\, --> \\,
{a,{ab,cd}efg,b} --> \{a,\{ab,cd\}efg,b\}
{(),test} --> \{\(\),test\}
}{a,b} --> \}\{a,b\}
}{a,b}} --> \}\{a,b\}\}
}{a,\}}} --> \}\{a,\\\}\}\}
[[] --> \[\[\]
[]] --> \[\]\]
[]]] --> \[\]\]\]
[]]* --> \[\]\]\*
[]*] --> \[\]\*\]
[[]* --> \[\[\]\*
[[*] --> \[\[\*\]
dfg* --> dfg\*
abc?vf??skkre* --> abc\?vf\?\?skkre\*
[^^] --> \[\^\^\]
[!^] --> \[!\^\]
[^!] --> \[\^!\]
[!!] --> \[!!\]
[{a,b}*^[?()+|] --> \[\{a,b\}\*\^\[\?\(\)\+\|\]
{a,bc*^?()+|]} --> \{a,bc\*\^\?\(\)\+\|\]\}
s{t{aa,bb},c{dd,ee}f} --> s\{t\{aa,bb\},c\{dd,ee\}f\}
{[{}]} --> \{\[\{\}\]\}
a\,b --> a\\,b

	 --> 
	
\?\** --> \\\?\\\*\*
\ --> \\
__3%a%* --> ..3*a*\*

String --> Regular Expression
-----------------------------
^().+|$ --> \^\(\)\.\+\|\$
\, --> \\,
{a,{ab,cd}efg,b} --> \{a,\{ab,cd\}efg,b\}
{(),test} --> \{\(\),test\}
}{a,b} --> \}\{a,b\}
}{a,b}} --> \}\{a,b\}\}
}{a,\}}} --> \}\{a,\\\}\}\}
[[] --> \[\[\]
[]] --> \[\]\]
[]]] --> \[\]\]\]
[]]* --> \[\]\]\*
[]*] --> \[\]\*\]
[[]* --> \[\[\]\*
[[*] --> \[\[\*\]
dfg* --> dfg\*
abc?vf??skkre* --> abc\?vf\?\?skkre\*
[^^] --> \[\^\^\]
[!^] --> \[!\^\]
[^!] --> \[\^!\]
[!!] --> \[!!\]
[{a,b}*^[?()+|] --> \[\{a,b\}\*\^\[\?\(\)\+\|\]
{a,bc*^?()+|]} --> \{a,bc\*\^\?\(\)\+\|\]\}
s{t{aa,bb},c{dd,ee}f} --> s\{t\{aa,bb\},c\{dd,ee\}f\}
{[{}]} --> \{\[\{\}\]\}
a\,b --> a\\,b

	 --> 
	
\?\** --> \\\?\\\*\*
\ --> \\
__3%a%* --> __3%a%\*
