tTableCopy_tmp.tbl
tTableCopy_tmp.tbl/SUBTABLE
tTableCopy_tmp.newtbl
tTableCopy_tmp.newtbl/SUBTABLE
1 1 1 1 0 0
tTableCopy_tmp.tbl
tTableCopy_tmp.tbl/SUBTABLE
tTableCopy_tmp.newtbl
tTableCopy_tmp.newtbl/SUBTABLE
1 1 1 1 1 0
tTableCopy_tmp.tbl
tTableCopy_tmp.tbl/SUBTABLE
tTableCopy_tmp.newtbl
tTableCopy_tmp.newtbl/SUBTABLE
1 1 0 0 0 0
tTableCopy_tmp.tbl
tTableCopy_tmp.tbl/SUBTABLE
tTableCopy_tmp.newtbl
tTableCopy_tmp.newtbl/SUBTABLE
1 1 0 0 1 0
